start;
commit;
start;
insert server_api_3.P3Out["server_api_1:1server_api_2:1"];
commit;
