Failed to parse input file: "./test/datalog_tests/function.union.fail.dl" (line 3, column 9):
unexpected "("
expecting end of "function" or identifier