json_test.JsonTest{.description = "\"foo bar\"", .value = "{\"std_Ok\":{\"res\":\"foo bar\"}}"}
json_test.JsonTest{.description = "-100", .value = "{\"std_Ok\":{\"res\":-100}}"}
json_test.JsonTest{.description = "100", .value = "{\"std_Ok\":{\"res\":100}}"}
json_test.JsonTest{.description = "2.99792458e8", .value = "{\"std_Ok\":{\"res\":299792458.0}}"}
json_test.JsonTest{.description = "[{\"b\":true}, {\"b\":false}, {\"b\":true}, {\"b\":false}]", .value = "{\"std_Ok\":{\"res\":[{\"b\":true},{\"b\":false},{\"b\":true},{\"b\":false}]}}"}
json_test.JsonTest{.description = "true", .value = "{\"std_Ok\":{\"res\":true}}"}
json_test.JsonTest{.description = "wrapped {\"@type\": \"t.V1\", \"b\": true}", .value = "{\"std_Ok\":{\"res\":{\"@type\":\"t.V1\",\"b\":true}}}"}
json_test.JsonTest{.description = "wrapped {\"@type\": \"t.V2\", \"b\": false}", .value = "{\"std_Err\":{\"err\":\"missing field `u`\"}}"}
json_test.JsonTest{.description = "wrapped {\"@type\": \"t.V2\", \"u\": 100}", .value = "{\"std_Ok\":{\"res\":{\"@type\":\"t.V2\",\"u\":100}}}"}
json_test.JsonTest{.description = "{\"1\":{\"b\":true}, \"2\":{\"b\":false}, \"3\":{\"b\":true}, \"4\":{\"b\":false}}", .value = "{\"std_Ok\":{\"res\":{\"1\":{\"b\":true},\"2\":{\"b\":false},\"3\":{\"b\":true},\"4\":{\"b\":false}}}}"}
json_test.JsonTest{.description = "{\"@type\": \"t.V1\", \"b\": true}", .value = "{\"std_Ok\":{\"res\":{\"@type\":\"t.V1\",\"b\":true}}}"}
json_test.JsonTest{.description = "{\"@type\": \"t.V2\", \"b\": false}", .value = "{\"std_Err\":{\"err\":\"missing field `u`\"}}"}
json_test.JsonTest{.description = "{\"@type\": \"t.V2\", \"u\": 100}", .value = "{\"std_Ok\":{\"res\":{\"@type\":\"t.V2\",\"u\":100}}}"}
json_test.JsonTest{.description = "{\"Variant1\": {\"b\": true}}", .value = "{\"std_Ok\":{\"res\":{\"Variant1\":{\"b\":true}}}}"}
json_test.JsonTest{.description = "{\"Variant2\": {\"u\": 100}}", .value = "{\"std_Ok\":{\"res\":{\"Variant2\":{\"u\":100}}}}"}
json_test.JsonTest{.description = "{\"b\":true, \"foo\":\"bar\"}", .value = "{\"std_Ok\":{\"res\":{\"b\":true}}}"}
json_test.JsonTest{.description = "{\"b\":true}", .value = "{\"std_Ok\":{\"res\":{\"b\":true}}}"}
json_test.JsonTest{.description = "{\"f\": [{\"key\": 100, \"payload\": \"foo\"}]}", .value = "{\"std_Ok\":{\"res\":{\"f\":[{\"key\":100,\"payload\":\"foo\"}]}}}"}
json_test.JsonTest{.description = "{\"foo\":\"bar\"}", .value = "{\"std_Err\":{\"err\":\"missing field `b` at line 1 column 13\"}}"}
json_test.JsonTest{.description = "{\"s\": \"foo\", \"i\": 100000, \"v\": 2.5}", .value = "{\"std_Ok\":{\"res\":{\"s\":\"foo\",\"i\":100000,\"v\":2.5}}}"}
json_test.JsonTest{.description = "{\"s\": \"foo\", \"i\": 100000}", .value = "{\"std_Ok\":{\"res\":{\"s\":\"foo\",\"i\":100000,\"v\":null}}}"}
json_test.JsonTest{.description = "{\"s\": \"foo\"}", .value = "{\"std_Ok\":{\"res\":{\"s\":\"foo\",\"i\":null,\"v\":null}}}"}
json_test.JsonTest{.description = "{\"t\":\"foo\", \"@id\":\"1001001001\", \"x\": \"x\", \"z\": 100000}", .value = "{\"std_Ok\":{\"res\":{\"t\":\"foo\",\"@id\":\"1001001001\",\"x\":\"x\",\"z\":100000}}}"}
json_test.JsonTest{.description = "{\"t\":\"foo\", \"id\":\"1001001001\", \"nested\": {\"x\": \"x\", \"z\": 100000}}", .value = "{\"std_Ok\":{\"res\":{\"t\":\"foo\",\"id\":\"1001001001\",\"nested\":{\"x\":\"x\",\"z\":100000}}}}"}
json_test.JsonTest{.description = "{\"x\": \"-100000\"}", .value = "{\"std_Ok\":{\"res\":{\"x\":\"-100000\"}}}"}
json_test.JsonTest{.description = "{\"x\": \"100000000000\"}", .value = "{\"std_Err\":{\"err\":\"number too large to fit in target type at line 1 column 21\"}}"}
json_test.JsonTest{.description = "{\"x\": \"x\", \"y\": \"-100000\"}", .value = "{\"std_Err\":{\"err\":\"invalid digit found in string at line 1 column 26\"}}"}
json_test.JsonTest{.description = "{\"x\": \"x\", \"y\": \"100000\"}", .value = "{\"std_Ok\":{\"res\":{\"x\":\"x\",\"y\":\"100000\"}}}"}
json_test.JsonTest{.description = "{}", .value = "{\"std_Ok\":{\"res\":{\"s\":null,\"i\":null,\"v\":null}}}"}
json_test.TVariant1{.b = true}
