typedef T1 = C11{f1: int, f2: (int, string)} | C12{f3: bit<32>, f4: (bool, bool, bool)}
typedef T2 = C21{f1: T1, f2: int} | C22{f3: (bool, T1)}
typedef T3 = C31{f1: T1, f2: int, s: string, b: bit<32>} | C32{f3: ((bool, (bool, bool, bool)), T1)}
typedef set<'A>
function __builtin_2string (x: 'X): string
function f1 (x: T1,y: T2,q: T3): bool =
    (match (x) {
         C11{.f1=_, .f2=_} -> true,
         _ -> false
     };
     (match (x) {
          C11{.f1=_, .f2=_} -> true,
          C12{.f3=_, .f4=_} -> false
      };
      (match (y) {
           C21{.f1=_, .f2=_} -> true,
           C22{.f3=(_, C11{.f1=_, .f2=_})} -> true,
           _ -> false
       };
       (match (y) {
            C21{.f1=_, .f2=_} -> true,
            C22{.f3=(true, C11{.f1=_, .f2=_})} -> true,
            C22{.f3=(true, C12{.f3=_, .f4=_})} -> true,
            C22{.f3=(false, C11{.f1=_, .f2=_})} -> true,
            C22{.f3=(false, C12{.f3=_, .f4=_})} -> true
        };
        ((var z: (bool, (bool, (bool, bool))));
         (match (z) {
              (true, _) -> true,
              (false, (_, (true, true))) -> true,
              (false, (_, (true, false))) -> true,
              (false, (_, (false, true))) -> true,
              (false, (_, (false, false))) -> true
          };
          (match (z) {
               (_, (_, (true, true))) -> true,
               (_, (_, (true, false))) -> true,
               (_, (_, (false, true))) -> true,
               (false, (_, (false, false))) -> true,
               (true, (_, (false, false))) -> true
           };
           (match (q) {
                C31{.f1=_, .f2=_, .s=_, .b=_} -> true,
                C32{.f3=((true, (_, _, false)), _)} -> true,
                C32{.f3=((false, (_, _, false)), _)} -> true,
                C32{.f3=((false, (_, _, true)), _)} -> true,
                C32{.f3=((_, (_, _, true)), C11{.f1=_, .f2=_})} -> true,
                C32{.f3=((_, (_, _, true)), C12{.f3=_, .f4=(true, true, true)})} -> false,
                C32{.f3=((_, (_, _, true)), C12{.f3=_, .f4=(_, _, false)})} -> false,
                C32{.f3=((_, (_, _, true)), C12{.f3=_, .f4=(_, _, true)})} -> false
            };
            (match (q) {
                 C31{.f1=_, .f2=0, .s="foo", .b=15} -> true,
                 C31{.f1=_, .f2=_, .s=_, .b=15} -> true,
                 C31{.f1=_, .f2=0, .s=_, .b=_} -> true,
                 C31{.f1=_, .f2=_, .s="foo", .b=_} -> true,
                 C32{.f3=_} -> true,
                 C31{.f1=_, .f2=_, .s=_, .b=_} -> true
             };
             ((var s: string);
              match (s) {
                  "foo" -> true,
                  "bar" -> true,
                  _ -> false
              }))))))))))
