typedef t = ttypedef t = (t, t)typedef t = t1
typedef t1 = (t, t)typedef f = undefFailed to parse input file: "./test/datalog_tests/rectype.fail.dl" (line 4, column 13):
unexpected "{"
expecting "bit", "int", "string", "bool", identifier or "("