R3:
R3{0,true}
R3{1,true}
R3{2,true}
R3{3,true}
R3{4,true}
R3{5,true}
R3{6,true}

R4:
R3{0,true}
R3{1,true}
R3{2,true}
R3{3,true}
R3{4,true}
R3{5,true}
R3{6,true}

R5:
0
1
2
3
4
5
6

R6:
R6{0}
R6{1}
R6{2}
R6{3}
R6{4}
R6{5}
R6{6}

Table12{20695836920908937261915266253713563738,"foo",S{(true, true),5}}
Table12{81692126345696542188923640651411714412,"foo",S{(false, true),10000}}
Table12{137151609739491206170748566711757625861,"foo",S{(true, false),43981}}
Table12{173592105249357153805573863620167017533,"foo",S{(false, true),10000}}
Table12{173670172741911619502105830072953828992,"foo",S{(true, false),43981}}
Table12{211727904196777888792921590151204575764,"foo",S{(true, true),5}}
Table12{218334107078988268330177571792522447425,"foo",S{(true, true),5}}
Table12{258101594679877739861006822360175003366,"buzzzzzzzz",S{(true, true),5}}
Table12{312560568469280405643575197132576203606,"foo",S{(false, true),10000}}
Table12{324905179504175058909924909437678210347,"foo",S{(true, false),43981}}
