Metro test
Answer:
Answer{"Chatelet"}
Answer{"Louvres"}
Answer{"Odeon"}
Answer{"Palais Royal"}
Answer{"St.Germain"}
Answer{"St.Michel"}

Reach:
Reach{"Chatelet","Chatelet"}
Reach{"Chatelet","Louvres"}
Reach{"Chatelet","Palais Royal"}
Reach{"Chatelet","St.Michel"}
Reach{"Concorde","Tuileries"}
Reach{"Louvres","Chatelet"}
Reach{"Louvres","Louvres"}
Reach{"Louvres","Palais Royal"}
Reach{"Odeon","Chatelet"}
Reach{"Odeon","Louvres"}
Reach{"Odeon","Odeon"}
Reach{"Odeon","Palais Royal"}
Reach{"Odeon","St.Germain"}
Reach{"Odeon","St.Michel"}
Reach{"Palais Royal","Louvres"}
Reach{"Palais-Royal","Concorde"}
Reach{"Palais-Royal","Palais-Royal"}
Reach{"Palais-Royal","Tuileries"}
Reach{"St.Germain","Chatelet"}
Reach{"St.Germain","Louvres"}
Reach{"St.Germain","Odeon"}
Reach{"St.Germain","Palais Royal"}
Reach{"St.Germain","St.Germain"}
Reach{"St.Germain","St.Michel"}
Reach{"St.Michel","Chatelet"}
Reach{"St.Michel","Louvres"}
Reach{"St.Michel","Odeon"}
Reach{"St.Michel","Palais Royal"}
Reach{"St.Michel","St.Michel"}
Reach{"Tuileries","Concorde"}
Reach{"Tuileries","Palais-Royal"}
Reach{"Tuileries","Tuileries"}

Rules test
Answer:
Answer{"Chatelet"}
Answer{"Louvres"}
Answer{"Odeon"}
Answer{"Palais Royal"}
Answer{"St.Germain"}
Answer{"St.Michel"}

R4:
R3{0,true}
R3{1,true}
R3{2,true}
R3{3,true}
R3{4,true}
R3{5,true}
R3{6,true}

R5:
0
1
2
3
4
5
6

R6:
R6{0}
R6{1}
R6{2}
R6{3}
R6{4}
R6{5}
R6{6}

Reach:
Reach{"Chatelet","Chatelet"}
Reach{"Chatelet","Louvres"}
Reach{"Chatelet","Palais Royal"}
Reach{"Chatelet","St.Michel"}
Reach{"Concorde","Tuileries"}
Reach{"Louvres","Chatelet"}
Reach{"Louvres","Louvres"}
Reach{"Louvres","Palais Royal"}
Reach{"Odeon","Chatelet"}
Reach{"Odeon","Louvres"}
Reach{"Odeon","Odeon"}
Reach{"Odeon","Palais Royal"}
Reach{"Odeon","St.Germain"}
Reach{"Odeon","St.Michel"}
Reach{"Palais Royal","Louvres"}
Reach{"Palais-Royal","Concorde"}
Reach{"Palais-Royal","Palais-Royal"}
Reach{"Palais-Royal","Tuileries"}
Reach{"St.Germain","Chatelet"}
Reach{"St.Germain","Louvres"}
Reach{"St.Germain","Odeon"}
Reach{"St.Germain","Palais Royal"}
Reach{"St.Germain","St.Germain"}
Reach{"St.Germain","St.Michel"}
Reach{"St.Michel","Chatelet"}
Reach{"St.Michel","Louvres"}
Reach{"St.Michel","Odeon"}
Reach{"St.Michel","Palais Royal"}
Reach{"St.Michel","St.Michel"}
Reach{"Tuileries","Concorde"}
Reach{"Tuileries","Palais-Royal"}
Reach{"Tuileries","Tuileries"}

Table12{20695836920908937261915266253713563738,"foo",S{(true, true),5}}
Table12{81692126345696542188923640651411714412,"foo",S{(false, true),10000}}
Table12{137151609739491206170748566711757625861,"foo",S{(true, false),43981}}
Table12{173592105249357153805573863620167017533,"foo",S{(false, true),10000}}
Table12{173670172741911619502105830072953828992,"foo",S{(true, false),43981}}
Table12{211727904196777888792921590151204575764,"foo",S{(true, true),5}}
Table12{218334107078988268330177571792522447425,"foo",S{(true, true),5}}
Table12{258101594679877739861006822360175003366,"buzzzzzzzz",S{(true, true),5}}
Table12{312560568469280405643575197132576203606,"foo",S{(false, true),10000}}
Table12{324905179504175058909924909437678210347,"foo",S{(true, false),43981}}
Rel3:
Rel3{0,IP4{100},Option1{0,IP4{300},(true, "foo")}}
Aggregate1
Aggregate1{"a",3}
Aggregate1{"b",3}
Aggregate2
Aggregate2{"a",std_Set { x: {"1", "2", "3"} }}
Aggregate2{"b",std_Set { x: {"1", "2", "3"} }}
Aggregate3
Aggregate3{"a",std_Vec { x: ["1", "2", "3"] }}
Aggregate3{"b",std_Vec { x: ["1", "2", "3"] }}
Aggregate4
Aggregate4{"a",std_Map { x: {"a": "3"} }}
Aggregate4{"b",std_Map { x: {"b": "3"} }}
Disaggregate
Disaggregate{"a","1"}
Disaggregate{"a","2"}
Disaggregate{"a","3"}
Disaggregate{"b","1"}
Disaggregate{"b","2"}
Disaggregate{"b","3"}
WithKeyDbg
WithKeyDbg{0,"foo"}
WithKeyDbg{1,"bar"}
WithKeyDbg{2,"buzz"}
WithKeyDbg after deletion by value
WithKeyDbg{1,"bar"}
WithKeyDbg{2,"buzz"}
WithKeyDbg after deletion by key
WithKeyDbg{2,"buzz"}
WithKeyDbg: +3, -2
WithKeyDbg{1,"bar2"}
WithKeyDbg{4,"hello"}
Innocent
Innocent{"Bill Smith"}
Innocent{"John Doe"}
ValidDestination
ValidDestination{IPAddr{10,10,10,101}}
ValidDestination{IPAddr{10,10,10,102}}
ValidDestination{IPAddr{10,10,10,103}}
ValidDestination{IPAddr{10,10,10,104}}
ValidDestination{IPAddr{10,10,10,105}}
HostAddress{0,"10.10.10.101"}
HostAddress{0,"10.10.10.102"}
HostAddress{0,"10.10.10.103"}
HostAddress{0,"10.10.10.104"}
HostAddress{0,"10.10.10.105"}
HostAddress{1,"192.168.0.1"}
HostAddress{1,"192.168.0.2"}
HostAddress{1,"192.168.0.3"}
ExternalId{0,("a", "1")}
ExternalId{0,("b", "2")}
ExternalId{0,("c", "3")}
ExternalId{0,("c", "4")}
ExternalId{0,("d", "5")}
ExternalId{0,("e", "6")}
Allocation{"a","1",30}
Allocation{"a","2",31}
Allocation{"a","3",50}
Allocation{"a","4",51}
Allocation{"a","5",52}
Allocation{"b","1",10000}
Allocation{"b","3",16777215}
Allocation{"b","4",1}
Allocation{"b","5",2}
