RFloatToInt{._x = -333}
Arrng1Arrng2:
Arrng1Arrng2{.x = 5}: +1
Arrng1Arrng2_2:
Arrng1Arrng2_2{.x = 5}: +1
TArrng1Arrng2:
TArrng1Arrng2{.x = 5}: +1
FuncTest{.x = "foo"}
SumsOfDoubles:
SumsOfDoubles{.x = 1, .y = 1, .sum = 2}: +1
SumsOfDoubles{.x = 1, .y = 2, .sum = 3}: +1
SumsOfDoubles{.x = 1, .y = 3.5, .sum = 4.5}: +1
SumsOfDoubles{.x = 2, .y = 1, .sum = 3}: +1
SumsOfDoubles{.x = 2, .y = 2, .sum = 4}: +1
SumsOfDoubles{.x = 2, .y = 3.5, .sum = 5.5}: +1
SumsOfDoubles{.x = 3.5, .y = 1, .sum = 4.5}: +1
SumsOfDoubles{.x = 3.5, .y = 2, .sum = 5.5}: +1
SumsOfDoubles{.x = 3.5, .y = 3.5, .sum = 7}: +1
InspectSimpleSum:
InspectSimpleSum{.x = 1, .total = 3}: +1
FilteredRelation:
FilteredRelation{.y = 2}: +1
FilteredRelation{.y = 3}: +1
FilteredRelation{.y = 5}: +1
FilteredRelation:
FilteredRelation{.y = 2}: -1
OutputInspectNot:
OutputInspectNot{.x = 4, .y = 4}: +1
OutputInspectNot:
OutputInspectNot{.x = 2, .y = 2}: +1
