ovn_nb_NB_Global:
ovn_nb.NB_Global{0,1,2,3,types.Some{59639315971019240521003784126651274906}}
ovn_nb.NB_Global{0,1,2,3,types.None{}}

